// Jest Snapshot v1, https://goo.gl/fbAQLP

exports[`Nav component matches snapshot 1`] = `
<DocumentFragment>
  <header>
    <h2>
      <a
        data-testid="link"
        href="/"
      >
        <span
          aria-label="camera"
          role="img"
        >
           ðŸ“¸
        </span>
         Oh Snap!
      </a>
    </h2>
    <nav>
      <ul
        class="flex-row"
      >
        <li
          class="mx-2"
        >
          <a
            data-testid="about"
            href="#about"
          >
            About me
          </a>
        </li>
        <li>
          <span>
            Contact
          </span>
        </li>
        <h1>
          <span>
            commercial
          </span>
        </h1>
        <h1>
          <span>
            portraits
          </span>
        </h1>
        <h1>
          <span>
            food
          </span>
        </h1>
        <h1>
          <span>
            landscape
          </span>
        </h1>
      </ul>
    </nav>
  </header>
</DocumentFragment>
`;
